// Jest Snapshot v1, https://goo.gl/fbAQLP

exports[`todo testing renders correctly when there are no items 1`] = `
<div>
  <h1>
     todo list
  </h1>
  <h4>
    Count is 
    0
  </h4>
  <input
    className="input"
    onChange={[Function]}
    type="text"
    value=""
  />
  <button
    id="addBtn"
    onClick={[Function]}
    type="button"
  >
    add item
  </button>
  <ul />
</div>
`;
